CCS PCM C Compiler, Version 5.074, 32906               07-Feb-18 16:09

               Filename:   C:\Users\DONUT\Desktop\2_2560_Work\EMbedLab\Lab4\4.2\4.2.3test.lst

               ROM used:   766 words (9%)
                           Largest free fragment is 2048
               RAM used:   128 (35%) at main() level
                           130 (35%) worst case
               Stack used: 1 locations (0 in main + 1 for interrupts)
               Stack size: 8

*
0000:  MOVLW  00
0001:  MOVWF  0A
0002:  GOTO   064
0003:  NOP
0004:  MOVWF  7F
0005:  SWAPF  03,W
0006:  CLRF   03
0007:  MOVWF  21
0008:  MOVF   0A,W
0009:  MOVWF  20
000A:  CLRF   0A
000B:  MOVF   04,W
000C:  MOVWF  22
000D:  MOVF   77,W
000E:  MOVWF  23
000F:  MOVF   78,W
0010:  MOVWF  24
0011:  MOVF   79,W
0012:  MOVWF  25
0013:  MOVF   7A,W
0014:  MOVWF  26
0015:  BCF    03.7
0016:  BCF    03.5
0017:  MOVLW  8C
0018:  MOVWF  04
0019:  BTFSS  00.0
001A:  GOTO   01D
001B:  BTFSC  0C.0
001C:  GOTO   02E
001D:  MOVF   22,W
001E:  MOVWF  04
001F:  MOVF   23,W
0020:  MOVWF  77
0021:  MOVF   24,W
0022:  MOVWF  78
0023:  MOVF   25,W
0024:  MOVWF  79
0025:  MOVF   26,W
0026:  MOVWF  7A
0027:  MOVF   20,W
0028:  MOVWF  0A
0029:  SWAPF  21,W
002A:  MOVWF  03
002B:  SWAPF  7F,F
002C:  SWAPF  7F,W
002D:  RETFIE
002E:  BCF    0A.3
002F:  BCF    0A.4
0030:  GOTO   031
.................... #include <16F886.h> 
.................... //////////// Standard Header file for the PIC16F886 device //////////////// 
.................... /////////////////////////////////////////////////////////////////////////// 
.................... ////        (C) Copyright 1996, 2014 Custom Computer Services          //// 
.................... //// This source code may only be used by licensed users of the CCS C  //// 
.................... //// compiler.  This source code may only be distributed to other      //// 
.................... //// licensed users of the CCS C compiler.  No other use, reproduction //// 
.................... //// or distribution is permitted without written permission.          //// 
.................... //// Derivative programs created using this software in object code    //// 
.................... //// form are not restricted in any way.                               //// 
.................... /////////////////////////////////////////////////////////////////////////// 
.................... #device PIC16F886 
....................  
.................... #list 
....................  
.................... #device ADC=10 *=16 
....................  
.................... #FUSES NOWDT //No Watch Dog Timer 
.................... #FUSES PUT //Power Up Timer 
.................... #FUSES NOMCLR //Master Clear pin not enabled 
.................... #FUSES NOPROTECT //Code not protected from reading 
.................... #FUSES NOCPD //No EE protection 
.................... #FUSES BROWNOUT //Brownout reset 
.................... #FUSES IESO //Internal External Switch Over mode enabled 
.................... #FUSES FCMEN //Fail-safe clock monitor enabled 
.................... #FUSES NOLVP //No low voltage prgming, B3(PIC16) or B5(PIC18) used for I/O 
.................... #FUSES NODEBUG //No Debug mode for ICD 
.................... #FUSES NOWRT //Program memory not write protected 
.................... #FUSES BORV40 //Brodddddwnout reset at 4.0V 
.................... #FUSES RESERVED //Used to set the reserved FUSE bits 
.................... #FUSES INTRC_IO  
....................  
.................... #use delay(clock=8M) 
*
0050:  MOVLW  69
0051:  MOVWF  04
0052:  BSF    03.7
0053:  MOVF   00,W
0054:  BTFSC  03.2
0055:  GOTO   063
0056:  MOVLW  02
0057:  MOVWF  78
0058:  CLRF   77
0059:  DECFSZ 77,F
005A:  GOTO   059
005B:  DECFSZ 78,F
005C:  GOTO   058
005D:  MOVLW  97
005E:  MOVWF  77
005F:  DECFSZ 77,F
0060:  GOTO   05F
0061:  DECFSZ 00,F
0062:  GOTO   056
0063:  RETURN
....................  
.................... #use rs232(baud=9600,parity=N,xmit=PIN_C6,rcv=PIN_C7,bits=8) 
....................  
.................... #use i2c(MASTER, I2C1, FORCE_HW) // configure the i2c port 
.................... #define SLAVE_ADDRESS  0xB0 
....................  
....................  
....................  
.................... int16 C = 65298,CSH = 65311,D = 65324,EB = 65336,E = 65347,F = 65358,FSH = 65368,G = 65377,GSH = 65386,A = 65394,Bb = 65402,B = 65410; 
.................... int16 note[44]; 
....................  
....................  
....................  
.................... int count_note = 1 ; 
....................  
.................... #INT_TIMER1 
.................... void timer1_isr() { 
....................  
.................... set_timer1(note[count_note]); // ?????????????? ISR ???? ????????????????????? 
*
0031:  BCF    03.0
0032:  RLF    40,W
0033:  ADDLW  10
0034:  MOVWF  04
0035:  BSF    03.7
0036:  INCF   04,F
0037:  MOVF   00,W
0038:  BSF    03.6
0039:  MOVWF  6B
003A:  DECF   04,F
003B:  MOVF   00,W
003C:  MOVWF  6A
003D:  BCF    03.6
003E:  CLRF   0E
003F:  BSF    03.6
0040:  MOVF   6B,W
0041:  BCF    03.6
0042:  MOVWF  0F
0043:  BSF    03.6
0044:  MOVF   6A,W
0045:  BCF    03.6
0046:  MOVWF  0E
....................  
.................... //if (input(PIN_B5)) {  output_low(PIN_B5); } 
.................... //else { output_high(PIN_B5);} 
.................... output_toggle(PIN_B4); 
0047:  BSF    03.5
0048:  BCF    06.4
0049:  MOVLW  10
004A:  BCF    03.5
004B:  XORWF  06,F
004C:  BCF    0C.0
004D:  BCF    0A.3
004E:  BCF    0A.4
004F:  GOTO   01D
.................... } 
....................  
....................  
.................... void main() { 
*
0064:  MOVF   03,W
0065:  ANDLW  1F
0066:  MOVWF  03
0067:  MOVLW  71
0068:  BSF    03.5
0069:  MOVWF  0F
006A:  CLRF   10
006B:  MOVF   0F,W
006C:  BSF    03.6
006D:  BCF    07.3
006E:  MOVLW  0C
006F:  BCF    03.6
0070:  MOVWF  19
0071:  MOVLW  A2
0072:  MOVWF  18
0073:  MOVLW  90
0074:  BCF    03.5
0075:  MOVWF  18
0076:  MOVLW  FF
0077:  MOVWF  27
0078:  BSF    27.3
0079:  MOVF   27,W
007A:  BSF    03.5
007B:  MOVWF  07
007C:  BCF    03.5
007D:  BSF    27.4
007E:  MOVF   27,W
007F:  BSF    03.5
0080:  MOVWF  07
0081:  MOVLW  13
0082:  MOVWF  13
0083:  MOVLW  28
0084:  BCF    03.5
0085:  MOVWF  14
0086:  BSF    03.5
0087:  BSF    14.7
0088:  BCF    14.6
0089:  MOVLW  FF
008A:  BCF    03.5
008B:  MOVWF  29
008C:  MOVLW  12
008D:  MOVWF  28
008E:  MOVLW  FF
008F:  MOVWF  2B
0090:  MOVLW  1F
0091:  MOVWF  2A
0092:  MOVLW  FF
0093:  MOVWF  2D
0094:  MOVLW  2C
0095:  MOVWF  2C
0096:  MOVLW  FF
0097:  MOVWF  2F
0098:  MOVLW  38
0099:  MOVWF  2E
009A:  MOVLW  FF
009B:  MOVWF  31
009C:  MOVLW  43
009D:  MOVWF  30
009E:  MOVLW  FF
009F:  MOVWF  33
00A0:  MOVLW  4E
00A1:  MOVWF  32
00A2:  MOVLW  FF
00A3:  MOVWF  35
00A4:  MOVLW  58
00A5:  MOVWF  34
00A6:  MOVLW  FF
00A7:  MOVWF  37
00A8:  MOVLW  61
00A9:  MOVWF  36
00AA:  MOVLW  FF
00AB:  MOVWF  39
00AC:  MOVLW  6A
00AD:  MOVWF  38
00AE:  MOVLW  FF
00AF:  MOVWF  3B
00B0:  MOVLW  72
00B1:  MOVWF  3A
00B2:  MOVLW  FF
00B3:  MOVWF  3D
00B4:  MOVLW  7A
00B5:  MOVWF  3C
00B6:  MOVLW  FF
00B7:  MOVWF  3F
00B8:  MOVLW  82
00B9:  MOVWF  3E
00BA:  MOVLW  01
00BB:  MOVWF  40
00BC:  BSF    03.5
00BD:  BSF    03.6
00BE:  MOVF   09,W
00BF:  ANDLW  C0
00C0:  MOVWF  09
00C1:  BCF    03.6
00C2:  BCF    1F.4
00C3:  BCF    1F.5
00C4:  MOVLW  00
00C5:  BSF    03.6
00C6:  MOVWF  08
00C7:  BCF    03.5
00C8:  CLRF   07
00C9:  CLRF   08
00CA:  CLRF   09
00CB:  BCF    03.7
....................  
....................    note[1] = C; 
00CC:  BCF    03.6
00CD:  MOVF   29,W
00CE:  BSF    03.6
00CF:  MOVWF  13
00D0:  BCF    03.6
00D1:  MOVF   28,W
00D2:  BSF    03.6
00D3:  MOVWF  12
.................... note[2] = C; 
00D4:  BCF    03.6
00D5:  MOVF   29,W
00D6:  BSF    03.6
00D7:  MOVWF  15
00D8:  BCF    03.6
00D9:  MOVF   28,W
00DA:  BSF    03.6
00DB:  MOVWF  14
.................... note[3] = G; 
00DC:  BCF    03.6
00DD:  MOVF   37,W
00DE:  BSF    03.6
00DF:  MOVWF  17
00E0:  BCF    03.6
00E1:  MOVF   36,W
00E2:  BSF    03.6
00E3:  MOVWF  16
.................... note[4] = G; 
00E4:  BCF    03.6
00E5:  MOVF   37,W
00E6:  BSF    03.6
00E7:  MOVWF  19
00E8:  BCF    03.6
00E9:  MOVF   36,W
00EA:  BSF    03.6
00EB:  MOVWF  18
.................... note[5] = A; 
00EC:  BCF    03.6
00ED:  MOVF   3B,W
00EE:  BSF    03.6
00EF:  MOVWF  1B
00F0:  BCF    03.6
00F1:  MOVF   3A,W
00F2:  BSF    03.6
00F3:  MOVWF  1A
.................... note[6] = A; 
00F4:  BCF    03.6
00F5:  MOVF   3B,W
00F6:  BSF    03.6
00F7:  MOVWF  1D
00F8:  BCF    03.6
00F9:  MOVF   3A,W
00FA:  BSF    03.6
00FB:  MOVWF  1C
.................... note[7] = G; 
00FC:  BCF    03.6
00FD:  MOVF   37,W
00FE:  BSF    03.6
00FF:  MOVWF  1F
0100:  BCF    03.6
0101:  MOVF   36,W
0102:  BSF    03.6
0103:  MOVWF  1E
.................... note[8] = F; 
0104:  BCF    03.6
0105:  MOVF   33,W
0106:  BSF    03.6
0107:  MOVWF  21
0108:  BCF    03.6
0109:  MOVF   32,W
010A:  BSF    03.6
010B:  MOVWF  20
.................... note[9] = F; 
010C:  BCF    03.6
010D:  MOVF   33,W
010E:  BSF    03.6
010F:  MOVWF  23
0110:  BCF    03.6
0111:  MOVF   32,W
0112:  BSF    03.6
0113:  MOVWF  22
.................... note[10] = E; 
0114:  BCF    03.6
0115:  MOVF   31,W
0116:  BSF    03.6
0117:  MOVWF  25
0118:  BCF    03.6
0119:  MOVF   30,W
011A:  BSF    03.6
011B:  MOVWF  24
.................... note[11] = E; 
011C:  BCF    03.6
011D:  MOVF   31,W
011E:  BSF    03.6
011F:  MOVWF  27
0120:  BCF    03.6
0121:  MOVF   30,W
0122:  BSF    03.6
0123:  MOVWF  26
.................... note[12] = D; 
0124:  BCF    03.6
0125:  MOVF   2D,W
0126:  BSF    03.6
0127:  MOVWF  29
0128:  BCF    03.6
0129:  MOVF   2C,W
012A:  BSF    03.6
012B:  MOVWF  28
.................... note[13] = D; 
012C:  BCF    03.6
012D:  MOVF   2D,W
012E:  BSF    03.6
012F:  MOVWF  2B
0130:  BCF    03.6
0131:  MOVF   2C,W
0132:  BSF    03.6
0133:  MOVWF  2A
.................... note[14] = D; 
0134:  BCF    03.6
0135:  MOVF   2D,W
0136:  BSF    03.6
0137:  MOVWF  2D
0138:  BCF    03.6
0139:  MOVF   2C,W
013A:  BSF    03.6
013B:  MOVWF  2C
.................... note[15] = D; 
013C:  BCF    03.6
013D:  MOVF   2D,W
013E:  BSF    03.6
013F:  MOVWF  2F
0140:  BCF    03.6
0141:  MOVF   2C,W
0142:  BSF    03.6
0143:  MOVWF  2E
.................... note[16] = C; 
0144:  BCF    03.6
0145:  MOVF   29,W
0146:  BSF    03.6
0147:  MOVWF  31
0148:  BCF    03.6
0149:  MOVF   28,W
014A:  BSF    03.6
014B:  MOVWF  30
.................... note[17] = G; 
014C:  BCF    03.6
014D:  MOVF   37,W
014E:  BSF    03.6
014F:  MOVWF  33
0150:  BCF    03.6
0151:  MOVF   36,W
0152:  BSF    03.6
0153:  MOVWF  32
.................... note[18] = G; 
0154:  BCF    03.6
0155:  MOVF   37,W
0156:  BSF    03.6
0157:  MOVWF  35
0158:  BCF    03.6
0159:  MOVF   36,W
015A:  BSF    03.6
015B:  MOVWF  34
.................... note[19] = F; 
015C:  BCF    03.6
015D:  MOVF   33,W
015E:  BSF    03.6
015F:  MOVWF  37
0160:  BCF    03.6
0161:  MOVF   32,W
0162:  BSF    03.6
0163:  MOVWF  36
.................... note[20] = E; 
0164:  BCF    03.6
0165:  MOVF   31,W
0166:  BSF    03.6
0167:  MOVWF  39
0168:  BCF    03.6
0169:  MOVF   30,W
016A:  BSF    03.6
016B:  MOVWF  38
.................... note[21] = E; 
016C:  BCF    03.6
016D:  MOVF   31,W
016E:  BSF    03.6
016F:  MOVWF  3B
0170:  BCF    03.6
0171:  MOVF   30,W
0172:  BSF    03.6
0173:  MOVWF  3A
.................... note[22] = D; 
0174:  BCF    03.6
0175:  MOVF   2D,W
0176:  BSF    03.6
0177:  MOVWF  3D
0178:  BCF    03.6
0179:  MOVF   2C,W
017A:  BSF    03.6
017B:  MOVWF  3C
.................... note[23] = G; 
017C:  BCF    03.6
017D:  MOVF   37,W
017E:  BSF    03.6
017F:  MOVWF  3F
0180:  BCF    03.6
0181:  MOVF   36,W
0182:  BSF    03.6
0183:  MOVWF  3E
.................... note[24] = G; 
0184:  BCF    03.6
0185:  MOVF   37,W
0186:  BSF    03.6
0187:  MOVWF  41
0188:  BCF    03.6
0189:  MOVF   36,W
018A:  BSF    03.6
018B:  MOVWF  40
.................... note[25] = G; 
018C:  BCF    03.6
018D:  MOVF   37,W
018E:  BSF    03.6
018F:  MOVWF  43
0190:  BCF    03.6
0191:  MOVF   36,W
0192:  BSF    03.6
0193:  MOVWF  42
.................... note[26] = F; 
0194:  BCF    03.6
0195:  MOVF   33,W
0196:  BSF    03.6
0197:  MOVWF  45
0198:  BCF    03.6
0199:  MOVF   32,W
019A:  BSF    03.6
019B:  MOVWF  44
.................... note[27] = E; 
019C:  BCF    03.6
019D:  MOVF   31,W
019E:  BSF    03.6
019F:  MOVWF  47
01A0:  BCF    03.6
01A1:  MOVF   30,W
01A2:  BSF    03.6
01A3:  MOVWF  46
.................... note[28] = E; 
01A4:  BCF    03.6
01A5:  MOVF   31,W
01A6:  BSF    03.6
01A7:  MOVWF  49
01A8:  BCF    03.6
01A9:  MOVF   30,W
01AA:  BSF    03.6
01AB:  MOVWF  48
.................... note[29] = D; 
01AC:  BCF    03.6
01AD:  MOVF   2D,W
01AE:  BSF    03.6
01AF:  MOVWF  4B
01B0:  BCF    03.6
01B1:  MOVF   2C,W
01B2:  BSF    03.6
01B3:  MOVWF  4A
.................... note[30] = C; 
01B4:  BCF    03.6
01B5:  MOVF   29,W
01B6:  BSF    03.6
01B7:  MOVWF  4D
01B8:  BCF    03.6
01B9:  MOVF   28,W
01BA:  BSF    03.6
01BB:  MOVWF  4C
.................... note[31] = C; 
01BC:  BCF    03.6
01BD:  MOVF   29,W
01BE:  BSF    03.6
01BF:  MOVWF  4F
01C0:  BCF    03.6
01C1:  MOVF   28,W
01C2:  BSF    03.6
01C3:  MOVWF  4E
.................... note[32] = G; 
01C4:  BCF    03.6
01C5:  MOVF   37,W
01C6:  BSF    03.6
01C7:  MOVWF  51
01C8:  BCF    03.6
01C9:  MOVF   36,W
01CA:  BSF    03.6
01CB:  MOVWF  50
.................... note[33] = G; 
01CC:  BCF    03.6
01CD:  MOVF   37,W
01CE:  BSF    03.6
01CF:  MOVWF  53
01D0:  BCF    03.6
01D1:  MOVF   36,W
01D2:  BSF    03.6
01D3:  MOVWF  52
.................... note[34] = A; 
01D4:  BCF    03.6
01D5:  MOVF   3B,W
01D6:  BSF    03.6
01D7:  MOVWF  55
01D8:  BCF    03.6
01D9:  MOVF   3A,W
01DA:  BSF    03.6
01DB:  MOVWF  54
.................... note[35] = A; 
01DC:  BCF    03.6
01DD:  MOVF   3B,W
01DE:  BSF    03.6
01DF:  MOVWF  57
01E0:  BCF    03.6
01E1:  MOVF   3A,W
01E2:  BSF    03.6
01E3:  MOVWF  56
.................... note[36] = G; 
01E4:  BCF    03.6
01E5:  MOVF   37,W
01E6:  BSF    03.6
01E7:  MOVWF  59
01E8:  BCF    03.6
01E9:  MOVF   36,W
01EA:  BSF    03.6
01EB:  MOVWF  58
.................... note[37] = F; 
01EC:  BCF    03.6
01ED:  MOVF   33,W
01EE:  BSF    03.6
01EF:  MOVWF  5B
01F0:  BCF    03.6
01F1:  MOVF   32,W
01F2:  BSF    03.6
01F3:  MOVWF  5A
.................... note[38] = F; 
01F4:  BCF    03.6
01F5:  MOVF   33,W
01F6:  BSF    03.6
01F7:  MOVWF  5D
01F8:  BCF    03.6
01F9:  MOVF   32,W
01FA:  BSF    03.6
01FB:  MOVWF  5C
.................... note[39] = E; 
01FC:  BCF    03.6
01FD:  MOVF   31,W
01FE:  BSF    03.6
01FF:  MOVWF  5F
0200:  BCF    03.6
0201:  MOVF   30,W
0202:  BSF    03.6
0203:  MOVWF  5E
.................... note[40] = E; 
0204:  BCF    03.6
0205:  MOVF   31,W
0206:  BSF    03.6
0207:  MOVWF  61
0208:  BCF    03.6
0209:  MOVF   30,W
020A:  BSF    03.6
020B:  MOVWF  60
.................... note[41] = D; 
020C:  BCF    03.6
020D:  MOVF   2D,W
020E:  BSF    03.6
020F:  MOVWF  63
0210:  BCF    03.6
0211:  MOVF   2C,W
0212:  BSF    03.6
0213:  MOVWF  62
.................... note[42] = D; 
0214:  BCF    03.6
0215:  MOVF   2D,W
0216:  BSF    03.6
0217:  MOVWF  65
0218:  BCF    03.6
0219:  MOVF   2C,W
021A:  BSF    03.6
021B:  MOVWF  64
.................... note[43] = C; 
021C:  BCF    03.6
021D:  MOVF   29,W
021E:  BSF    03.6
021F:  MOVWF  67
0220:  BCF    03.6
0221:  MOVF   28,W
0222:  BSF    03.6
0223:  MOVWF  66
....................  
....................    setup_timer_1(T1_INTERNAL | T1_DIV_BY_8); 
0224:  MOVLW  35
0225:  BCF    03.6
0226:  MOVWF  10
....................    //set_timer1(note[1]);  
....................    //delay_ms(750); 
....................    //count_note++; 
....................    enable_interrupts(INT_TIMER1); 
0227:  BSF    03.5
0228:  BSF    0C.0
....................    enable_interrupts(GLOBAL); 
0229:  MOVLW  C0
022A:  BCF    03.5
022B:  IORWF  0B,F
....................     
....................    while (1) { 
....................     
....................       set_timer1(note[count_note]); 
022C:  BCF    03.0
022D:  RLF    40,W
022E:  ADDLW  10
022F:  MOVWF  04
0230:  BSF    03.7
0231:  INCF   04,F
0232:  MOVF   00,W
0233:  BSF    03.6
0234:  MOVWF  69
0235:  DECF   04,F
0236:  MOVF   00,W
0237:  MOVWF  68
0238:  BCF    03.6
0239:  CLRF   0E
023A:  BSF    03.6
023B:  MOVF   69,W
023C:  BCF    03.6
023D:  MOVWF  0F
023E:  BSF    03.6
023F:  MOVF   68,W
0240:  BCF    03.6
0241:  MOVWF  0E
....................        
....................       if(count_note==12|count_note==13|count_note==14|count_note==15|count_note==23|count_note==24|count_note==25){ 
0242:  MOVF   40,W
0243:  SUBLW  0C
0244:  BTFSC  03.2
0245:  GOTO   248
0246:  MOVLW  00
0247:  GOTO   249
0248:  MOVLW  01
0249:  BSF    03.6
024A:  MOVWF  68
024B:  BCF    03.6
024C:  MOVF   40,W
024D:  SUBLW  0D
024E:  BTFSC  03.2
024F:  GOTO   252
0250:  MOVLW  00
0251:  GOTO   253
0252:  MOVLW  01
0253:  BSF    03.6
0254:  IORWF  68,F
0255:  BCF    03.6
0256:  MOVF   40,W
0257:  SUBLW  0E
0258:  BTFSC  03.2
0259:  GOTO   25C
025A:  MOVLW  00
025B:  GOTO   25D
025C:  MOVLW  01
025D:  BSF    03.6
025E:  IORWF  68,F
025F:  BCF    03.6
0260:  MOVF   40,W
0261:  SUBLW  0F
0262:  BTFSC  03.2
0263:  GOTO   266
0264:  MOVLW  00
0265:  GOTO   267
0266:  MOVLW  01
0267:  BSF    03.6
0268:  IORWF  68,F
0269:  BCF    03.6
026A:  MOVF   40,W
026B:  SUBLW  17
026C:  BTFSC  03.2
026D:  GOTO   270
026E:  MOVLW  00
026F:  GOTO   271
0270:  MOVLW  01
0271:  BSF    03.6
0272:  IORWF  68,F
0273:  BCF    03.6
0274:  MOVF   40,W
0275:  SUBLW  18
0276:  BTFSC  03.2
0277:  GOTO   27A
0278:  MOVLW  00
0279:  GOTO   27B
027A:  MOVLW  01
027B:  BSF    03.6
027C:  IORWF  68,F
027D:  BCF    03.6
027E:  MOVF   40,W
027F:  SUBLW  19
0280:  BTFSC  03.2
0281:  GOTO   284
0282:  MOVLW  00
0283:  GOTO   285
0284:  MOVLW  01
0285:  BSF    03.6
0286:  IORWF  68,W
0287:  BTFSC  03.2
0288:  GOTO   28F
....................       delay_ms(250); 
0289:  MOVLW  FA
028A:  MOVWF  69
028B:  BCF    03.6
028C:  CALL   050
....................       } 
028D:  GOTO   299
028E:  BSF    03.6
....................       else{ 
....................       delay_ms(500); 
028F:  MOVLW  02
0290:  MOVWF  68
0291:  MOVLW  FA
0292:  MOVWF  69
0293:  BCF    03.6
0294:  CALL   050
0295:  BSF    03.6
0296:  DECFSZ 68,F
0297:  GOTO   291
0298:  BCF    03.6
....................       } 
....................        
....................       if(count_note==7|count_note==16|count_note==19|count_note==22|count_note==26|count_note==29|count_note==36){ 
0299:  MOVF   40,W
029A:  SUBLW  07
029B:  BTFSC  03.2
029C:  GOTO   29F
029D:  MOVLW  00
029E:  GOTO   2A0
029F:  MOVLW  01
02A0:  BSF    03.6
02A1:  MOVWF  68
02A2:  BCF    03.6
02A3:  MOVF   40,W
02A4:  SUBLW  10
02A5:  BTFSC  03.2
02A6:  GOTO   2A9
02A7:  MOVLW  00
02A8:  GOTO   2AA
02A9:  MOVLW  01
02AA:  BSF    03.6
02AB:  IORWF  68,F
02AC:  BCF    03.6
02AD:  MOVF   40,W
02AE:  SUBLW  13
02AF:  BTFSC  03.2
02B0:  GOTO   2B3
02B1:  MOVLW  00
02B2:  GOTO   2B4
02B3:  MOVLW  01
02B4:  BSF    03.6
02B5:  IORWF  68,F
02B6:  BCF    03.6
02B7:  MOVF   40,W
02B8:  SUBLW  16
02B9:  BTFSC  03.2
02BA:  GOTO   2BD
02BB:  MOVLW  00
02BC:  GOTO   2BE
02BD:  MOVLW  01
02BE:  BSF    03.6
02BF:  IORWF  68,F
02C0:  BCF    03.6
02C1:  MOVF   40,W
02C2:  SUBLW  1A
02C3:  BTFSC  03.2
02C4:  GOTO   2C7
02C5:  MOVLW  00
02C6:  GOTO   2C8
02C7:  MOVLW  01
02C8:  BSF    03.6
02C9:  IORWF  68,F
02CA:  BCF    03.6
02CB:  MOVF   40,W
02CC:  SUBLW  1D
02CD:  BTFSC  03.2
02CE:  GOTO   2D1
02CF:  MOVLW  00
02D0:  GOTO   2D2
02D1:  MOVLW  01
02D2:  BSF    03.6
02D3:  IORWF  68,F
02D4:  BCF    03.6
02D5:  MOVF   40,W
02D6:  SUBLW  24
02D7:  BTFSC  03.2
02D8:  GOTO   2DB
02D9:  MOVLW  00
02DA:  GOTO   2DC
02DB:  MOVLW  01
02DC:  BSF    03.6
02DD:  IORWF  68,W
02DE:  BTFSC  03.2
02DF:  GOTO   2E9
....................       delay_ms(500); 
02E0:  MOVLW  02
02E1:  MOVWF  68
02E2:  MOVLW  FA
02E3:  MOVWF  69
02E4:  BCF    03.6
02E5:  CALL   050
02E6:  BSF    03.6
02E7:  DECFSZ 68,F
02E8:  GOTO   2E2
....................       } 
....................       count_note++; 
02E9:  BCF    03.6
02EA:  INCF   40,F
....................       if(count_note == 43) { 
02EB:  MOVF   40,W
02EC:  SUBLW  2B
02ED:  BTFSS  03.2
02EE:  GOTO   2FC
....................        
....................       delay_ms(1000); 
02EF:  MOVLW  04
02F0:  BSF    03.6
02F1:  MOVWF  68
02F2:  MOVLW  FA
02F3:  MOVWF  69
02F4:  BCF    03.6
02F5:  CALL   050
02F6:  BSF    03.6
02F7:  DECFSZ 68,F
02F8:  GOTO   2F2
....................       count_note = 1; 
02F9:  MOVLW  01
02FA:  BCF    03.6
02FB:  MOVWF  40
....................       } 
02FC:  GOTO   22C
....................    } 
....................     
....................     
.................... } 
02FD:  SLEEP

Configuration Fuses:
   Word  1: 2FC4   INTRC_IO NOWDT PUT NOMCLR NOPROTECT NOCPD BROWNOUT IESO FCMEN NOLVP NODEBUG
   Word  2: 3FFF   BORV40 NOWRT
