CCS PCM C Compiler, Version 5.074, 32906               14-Feb-18 14:34

               Filename:   D:\GitHub\MicroEmbedLab\Lab5\5.3.lst

               ROM used:   204 words (2%)
                           Largest free fragment is 2048
               RAM used:   17 (5%) at main() level
                           18 (5%) worst case
               Stack used: 1 locations (0 in main + 1 for interrupts)
               Stack size: 8

*
0000:  MOVLW  00
0001:  MOVWF  0A
0002:  GOTO   064
0003:  NOP
0004:  MOVWF  7F
0005:  SWAPF  03,W
0006:  CLRF   03
0007:  MOVWF  21
0008:  MOVF   0A,W
0009:  MOVWF  20
000A:  CLRF   0A
000B:  MOVF   04,W
000C:  MOVWF  22
000D:  MOVF   77,W
000E:  MOVWF  23
000F:  MOVF   78,W
0010:  MOVWF  24
0011:  MOVF   79,W
0012:  MOVWF  25
0013:  MOVF   7A,W
0014:  MOVWF  26
0015:  BCF    03.7
0016:  BCF    03.5
0017:  MOVLW  8C
0018:  MOVWF  04
0019:  BTFSS  00.0
001A:  GOTO   01D
001B:  BTFSC  0C.0
001C:  GOTO   02E
001D:  MOVF   22,W
001E:  MOVWF  04
001F:  MOVF   23,W
0020:  MOVWF  77
0021:  MOVF   24,W
0022:  MOVWF  78
0023:  MOVF   25,W
0024:  MOVWF  79
0025:  MOVF   26,W
0026:  MOVWF  7A
0027:  MOVF   20,W
0028:  MOVWF  0A
0029:  SWAPF  21,W
002A:  MOVWF  03
002B:  SWAPF  7F,F
002C:  SWAPF  7F,W
002D:  RETFIE
002E:  BCF    0A.3
002F:  BCF    0A.4
0030:  GOTO   031
.................... #include <16F886.h> 
.................... //////////// Standard Header file for the PIC16F886 device //////////////// 
.................... /////////////////////////////////////////////////////////////////////////// 
.................... ////        (C) Copyright 1996, 2014 Custom Computer Services          //// 
.................... //// This source code may only be used by licensed users of the CCS C  //// 
.................... //// compiler.  This source code may only be distributed to other      //// 
.................... //// licensed users of the CCS C compiler.  No other use, reproduction //// 
.................... //// or distribution is permitted without written permission.          //// 
.................... //// Derivative programs created using this software in object code    //// 
.................... //// form are not restricted in any way.                               //// 
.................... /////////////////////////////////////////////////////////////////////////// 
.................... #device PIC16F886 
....................  
.................... #list 
....................  
.................... #device ADC=10 *=16 
....................  
.................... #FUSES NOWDT //No Watch Dog Timer 
.................... #FUSES PUT //Power Up Timer 
.................... #FUSES NOMCLR //Master Clear pin not enabled 
.................... #FUSES NOPROTECT //Code not protected from reading 
.................... #FUSES NOCPD //No EE protection 
.................... #FUSES BROWNOUT //Brownout reset 
.................... #FUSES IESO //Internal External Switch Over mode enabled 
.................... #FUSES FCMEN //Fail-safe clock monitor enabled 
.................... #FUSES NOLVP //No low voltage prgming, B3(PIC16) or B5(PIC18) used for I/O 
.................... #FUSES NODEBUG //No Debug mode for ICD 
.................... #FUSES NOWRT //Program memory not write protected 
.................... #FUSES BORV40 //Brodddddwnout reset at 4.0V 
.................... #FUSES RESERVED //Used to set the reserved FUSE bits 
.................... #FUSES INTRC_IO  
....................  
.................... #use delay(clock=8M) 
*
004E:  MOVLW  2C
004F:  MOVWF  04
0050:  BCF    03.7
0051:  MOVF   00,W
0052:  BTFSC  03.2
0053:  GOTO   061
0054:  MOVLW  02
0055:  MOVWF  78
0056:  CLRF   77
0057:  DECFSZ 77,F
0058:  GOTO   057
0059:  DECFSZ 78,F
005A:  GOTO   056
005B:  MOVLW  97
005C:  MOVWF  77
005D:  DECFSZ 77,F
005E:  GOTO   05D
005F:  DECFSZ 00,F
0060:  GOTO   054
0061:  BCF    0A.3
0062:  BCF    0A.4
0063:  GOTO   0C7 (RETURN)
.................... #define SLAVE_ADDRESS  0xB0 
.................... //#define SLAVE_ADDRESS  0xD0 
....................  
.................... #use rs232(baud=9600,parity=N,xmit=PIN_C6,rcv=PIN_C7,bits=8) 
.................... #use i2c(MASTER, I2C1, FORCE_HW) // configure the i2c port 
....................  
....................  
.................... int counter=0; 
.................... int duty=0; 
.................... int y=1; 
.................... int pwd=1; 
....................  
.................... #INT_TIMER1 
.................... void timer1_isr(){ 
....................   set_timer1(65036);  
*
0031:  CLRF   0E
0032:  MOVLW  FE
0033:  MOVWF  0F
0034:  MOVLW  0C
0035:  MOVWF  0E
....................    counter++; 
0036:  INCF   28,F
....................     
....................    if (counter == 19) { counter = 0;}  
0037:  MOVF   28,W
0038:  SUBLW  13
0039:  BTFSC  03.2
003A:  CLRF   28
....................    if (counter == 0) { output_high(PIN_B4);}  // beginning of a new period 
003B:  MOVF   28,F
003C:  BTFSS  03.2
003D:  GOTO   042
003E:  BSF    03.5
003F:  BCF    06.4
0040:  BCF    03.5
0041:  BSF    06.4
....................    if (counter == pwd) {output_low(PIN_B4);}   
0042:  MOVF   2B,W
0043:  SUBWF  28,W
0044:  BTFSS  03.2
0045:  GOTO   04A
0046:  BSF    03.5
0047:  BCF    06.4
0048:  BCF    03.5
0049:  BCF    06.4
004A:  BCF    0C.0
004B:  BCF    0A.3
004C:  BCF    0A.4
004D:  GOTO   01D
.................... } 
....................  
....................  
....................  
.................... void main() { 
*
0064:  MOVF   03,W
0065:  ANDLW  1F
0066:  MOVWF  03
0067:  MOVLW  71
0068:  BSF    03.5
0069:  MOVWF  0F
006A:  CLRF   10
006B:  MOVF   0F,W
006C:  BSF    03.6
006D:  BCF    07.3
006E:  MOVLW  0C
006F:  BCF    03.6
0070:  MOVWF  19
0071:  MOVLW  A2
0072:  MOVWF  18
0073:  MOVLW  90
0074:  BCF    03.5
0075:  MOVWF  18
0076:  MOVLW  FF
0077:  MOVWF  27
0078:  BSF    27.3
0079:  MOVF   27,W
007A:  BSF    03.5
007B:  MOVWF  07
007C:  BCF    03.5
007D:  BSF    27.4
007E:  MOVF   27,W
007F:  BSF    03.5
0080:  MOVWF  07
0081:  MOVLW  13
0082:  MOVWF  13
0083:  MOVLW  28
0084:  BCF    03.5
0085:  MOVWF  14
0086:  BSF    03.5
0087:  BSF    14.7
0088:  BCF    14.6
0089:  BCF    03.5
008A:  CLRF   28
008B:  CLRF   29
008C:  MOVLW  01
008D:  MOVWF  2A
008E:  MOVLW  01
008F:  MOVWF  2B
0090:  BSF    03.5
0091:  BSF    03.6
0092:  MOVF   09,W
0093:  ANDLW  C0
0094:  MOVWF  09
0095:  BCF    03.6
0096:  BCF    1F.4
0097:  BCF    1F.5
0098:  MOVLW  00
0099:  BSF    03.6
009A:  MOVWF  08
009B:  BCF    03.5
009C:  CLRF   07
009D:  CLRF   08
009E:  CLRF   09
009F:  BCF    03.7
....................    setup_timer_1(T1_INTERNAL | T1_DIV_BY_8); 
00A0:  MOVLW  35
00A1:  BCF    03.6
00A2:  MOVWF  10
....................    set_timer1(65036);  
00A3:  CLRF   0E
00A4:  MOVLW  FE
00A5:  MOVWF  0F
00A6:  MOVLW  0C
00A7:  MOVWF  0E
....................    enable_interrupts(INT_TIMER1);  
00A8:  BSF    03.5
00A9:  BSF    0C.0
....................    enable_interrupts(GLOBAL); 
00AA:  MOVLW  C0
00AB:  BCF    03.5
00AC:  IORWF  0B,F
....................  
....................   //Counter = 0; 
....................   // Duty = 3; 
....................    While(1){ 
....................     
....................      if (!input(PIN_B7) && y==1) {  
00AD:  BSF    03.5
00AE:  BSF    06.7
00AF:  BCF    03.5
00B0:  BTFSC  06.7
00B1:  GOTO   0C8
00B2:  DECFSZ 2A,W
00B3:  GOTO   0C8
....................            if(pwd==1){  
00B4:  DECFSZ 2B,W
00B5:  GOTO   0BD
....................                  pwd=2; 
00B6:  MOVLW  02
00B7:  MOVWF  2B
....................                  output_low(PIN_B5); 
00B8:  BSF    03.5
00B9:  BCF    06.5
00BA:  BCF    03.5
00BB:  BCF    06.5
....................            }else{  
00BC:  GOTO   0C3
....................                pwd=1; 
00BD:  MOVLW  01
00BE:  MOVWF  2B
....................                output_high(PIN_B5); 
00BF:  BSF    03.5
00C0:  BCF    06.5
00C1:  BCF    03.5
00C2:  BSF    06.5
....................            } 
....................                y=0; 
00C3:  CLRF   2A
....................                delay_ms(200); 
00C4:  MOVLW  C8
00C5:  MOVWF  2C
00C6:  GOTO   04E
....................      }else{ 
00C7:  GOTO   0CA
....................          y=1; 
00C8:  MOVLW  01
00C9:  MOVWF  2A
....................      } 
00CA:  GOTO   0AD
....................  
....................    } 
.................... } 
00CB:  SLEEP

Configuration Fuses:
   Word  1: 2FC4   INTRC_IO NOWDT PUT NOMCLR NOPROTECT NOCPD BROWNOUT IESO FCMEN NOLVP NODEBUG
   Word  2: 3FFF   BORV40 NOWRT
